// Jest Snapshot v1, https://goo.gl/fbAQLP

exports[`Pruebas en <TodoList /> Debe mostrarse correctamente 1`] = `
<ul
  className="list-group list-group-flush"
>
  <TodoItem
    handleDelete={[MockFunction]}
    handleTachado={[MockFunction]}
    index={0}
    key="1"
    todo={
      Object {
        "description": "testing description 1",
        "done": false,
        "id": 1,
      }
    }
  />
  <TodoItem
    handleDelete={[MockFunction]}
    handleTachado={[MockFunction]}
    index={1}
    key="2"
    todo={
      Object {
        "description": "testing description 2",
        "done": false,
        "id": 2,
      }
    }
  />
</ul>
`;
